Archive member included to satisfy reference by file (symbol)

e:/university/tren_truong/ceec/stm32/stm32cubeide_1.11.2/stm32cubeide/plugins/com.st.stm32cube.ide.mcu.externaltools.gnu-tools-for-stm32.10.3-2021.10.win32_1.0.100.202210260954/tools/bin/../lib/gcc/arm-none-eabi/10.3.1/../../../../arm-none-eabi/lib/thumb/v7-m/nofp\libc_nano.a(lib_a-errno.o)
                              ./Core/Src/syscalls.o (__errno)
e:/university/tren_truong/ceec/stm32/stm32cubeide_1.11.2/stm32cubeide/plugins/com.st.stm32cube.ide.mcu.externaltools.gnu-tools-for-stm32.10.3-2021.10.win32_1.0.100.202210260954/tools/bin/../lib/gcc/arm-none-eabi/10.3.1/../../../../arm-none-eabi/lib/thumb/v7-m/nofp\libc_nano.a(lib_a-exit.o)
                              e:/university/tren_truong/ceec/stm32/stm32cubeide_1.11.2/stm32cubeide/plugins/com.st.stm32cube.ide.mcu.externaltools.gnu-tools-for-stm32.10.3-2021.10.win32_1.0.100.202210260954/tools/bin/../lib/gcc/arm-none-eabi/10.3.1/../../../../arm-none-eabi/lib/thumb/v7-m/nofp/crt0.o (exit)
e:/university/tren_truong/ceec/stm32/stm32cubeide_1.11.2/stm32cubeide/plugins/com.st.stm32cube.ide.mcu.externaltools.gnu-tools-for-stm32.10.3-2021.10.win32_1.0.100.202210260954/tools/bin/../lib/gcc/arm-none-eabi/10.3.1/../../../../arm-none-eabi/lib/thumb/v7-m/nofp\libc_nano.a(lib_a-impure.o)
                              e:/university/tren_truong/ceec/stm32/stm32cubeide_1.11.2/stm32cubeide/plugins/com.st.stm32cube.ide.mcu.externaltools.gnu-tools-for-stm32.10.3-2021.10.win32_1.0.100.202210260954/tools/bin/../lib/gcc/arm-none-eabi/10.3.1/../../../../arm-none-eabi/lib/thumb/v7-m/nofp\libc_nano.a(lib_a-exit.o) (_global_impure_ptr)
e:/university/tren_truong/ceec/stm32/stm32cubeide_1.11.2/stm32cubeide/plugins/com.st.stm32cube.ide.mcu.externaltools.gnu-tools-for-stm32.10.3-2021.10.win32_1.0.100.202210260954/tools/bin/../lib/gcc/arm-none-eabi/10.3.1/../../../../arm-none-eabi/lib/thumb/v7-m/nofp\libc_nano.a(lib_a-init.o)
                              e:/university/tren_truong/ceec/stm32/stm32cubeide_1.11.2/stm32cubeide/plugins/com.st.stm32cube.ide.mcu.externaltools.gnu-tools-for-stm32.10.3-2021.10.win32_1.0.100.202210260954/tools/bin/../lib/gcc/arm-none-eabi/10.3.1/../../../../arm-none-eabi/lib/thumb/v7-m/nofp/crt0.o (__libc_init_array)
e:/university/tren_truong/ceec/stm32/stm32cubeide_1.11.2/stm32cubeide/plugins/com.st.stm32cube.ide.mcu.externaltools.gnu-tools-for-stm32.10.3-2021.10.win32_1.0.100.202210260954/tools/bin/../lib/gcc/arm-none-eabi/10.3.1/../../../../arm-none-eabi/lib/thumb/v7-m/nofp\libc_nano.a(lib_a-memset.o)
                              e:/university/tren_truong/ceec/stm32/stm32cubeide_1.11.2/stm32cubeide/plugins/com.st.stm32cube.ide.mcu.externaltools.gnu-tools-for-stm32.10.3-2021.10.win32_1.0.100.202210260954/tools/bin/../lib/gcc/arm-none-eabi/10.3.1/../../../../arm-none-eabi/lib/thumb/v7-m/nofp/crt0.o (memset)

Discarded input sections

 .text          0x0000000000000000        0x0 e:/university/tren_truong/ceec/stm32/stm32cubeide_1.11.2/stm32cubeide/plugins/com.st.stm32cube.ide.mcu.externaltools.gnu-tools-for-stm32.10.3-2021.10.win32_1.0.100.202210260954/tools/bin/../lib/gcc/arm-none-eabi/10.3.1/thumb/v7-m/nofp/crti.o
 .data          0x0000000000000000        0x0 e:/university/tren_truong/ceec/stm32/stm32cubeide_1.11.2/stm32cubeide/plugins/com.st.stm32cube.ide.mcu.externaltools.gnu-tools-for-stm32.10.3-2021.10.win32_1.0.100.202210260954/tools/bin/../lib/gcc/arm-none-eabi/10.3.1/thumb/v7-m/nofp/crti.o
 .bss           0x0000000000000000        0x0 e:/university/tren_truong/ceec/stm32/stm32cubeide_1.11.2/stm32cubeide/plugins/com.st.stm32cube.ide.mcu.externaltools.gnu-tools-for-stm32.10.3-2021.10.win32_1.0.100.202210260954/tools/bin/../lib/gcc/arm-none-eabi/10.3.1/thumb/v7-m/nofp/crti.o
 .data          0x0000000000000000        0x4 e:/university/tren_truong/ceec/stm32/stm32cubeide_1.11.2/stm32cubeide/plugins/com.st.stm32cube.ide.mcu.externaltools.gnu-tools-for-stm32.10.3-2021.10.win32_1.0.100.202210260954/tools/bin/../lib/gcc/arm-none-eabi/10.3.1/thumb/v7-m/nofp/crtbegin.o
 .rodata        0x0000000000000000       0x24 e:/university/tren_truong/ceec/stm32/stm32cubeide_1.11.2/stm32cubeide/plugins/com.st.stm32cube.ide.mcu.externaltools.gnu-tools-for-stm32.10.3-2021.10.win32_1.0.100.202210260954/tools/bin/../lib/gcc/arm-none-eabi/10.3.1/thumb/v7-m/nofp/crtbegin.o
 .text          0x0000000000000000       0x7c e:/university/tren_truong/ceec/stm32/stm32cubeide_1.11.2/stm32cubeide/plugins/com.st.stm32cube.ide.mcu.externaltools.gnu-tools-for-stm32.10.3-2021.10.win32_1.0.100.202210260954/tools/bin/../lib/gcc/arm-none-eabi/10.3.1/../../../../arm-none-eabi/lib/thumb/v7-m/nofp/crt0.o
 .data          0x0000000000000000        0x0 e:/university/tren_truong/ceec/stm32/stm32cubeide_1.11.2/stm32cubeide/plugins/com.st.stm32cube.ide.mcu.externaltools.gnu-tools-for-stm32.10.3-2021.10.win32_1.0.100.202210260954/tools/bin/../lib/gcc/arm-none-eabi/10.3.1/../../../../arm-none-eabi/lib/thumb/v7-m/nofp/crt0.o
[...]
Memory Configuration

Name             Origin             Length             Attributes
RAM              0x0000000020000000 0x0000000000005000 xrw
FLASH            0x0000000008000000 0x0000000000010000 xr
*default*        0x0000000000000000 0xffffffffffffffff

Linker script and memory map

LOAD e:/university/tren_truong/ceec/stm32/stm32cubeide_1.11.2/stm32cubeide/plugins/com.st.stm32cube.ide.mcu.externaltools.gnu-tools-for-stm32.10.3-2021.10.win32_1.0.100.202210260954/tools/bin/../lib/gcc/arm-none-eabi/10.3.1/thumb/v7-m/nofp/crti.o
LOAD e:/university/tren_truong/ceec/stm32/stm32cubeide_1.11.2/stm32cubeide/plugins/com.st.stm32cube.ide.mcu.externaltools.gnu-tools-for-stm32.10.3-2021.10.win32_1.0.100.202210260954/tools/bin/../lib/gcc/arm-none-eabi/10.3.1/thumb/v7-m/nofp/crtbegin.o
LOAD e:/university/tren_truong/ceec/stm32/stm32cubeide_1.11.2/stm32cubeide/plugins/com.st.stm32cube.ide.mcu.externaltools.gnu-tools-for-stm32.10.3-2021.10.win32_1.0.100.202210260954/tools/bin/../lib/gcc/arm-none-eabi/10.3.1/../../../../arm-none-eabi/lib/thumb/v7-m/nofp/crt0.o
LOAD ./Core/Src/main.o
LOAD ./Core/Src/stm32f1xx_hal_msp.o
LOAD ./Core/Src/stm32f1xx_it.o
LOAD ./Core/Src/syscalls.o
LOAD ./Core/Src/sysmem.o
LOAD ./Core/Src/system_stm32f1xx.o
LOAD ./Core/Startup/startup_stm32f103c8tx.o
LOAD ./Drivers/STM32F1xx_HAL_Driver/Src/stm32f1xx_hal.o
LOAD ./Drivers/STM32F1xx_HAL_Driver/Src/stm32f1xx_hal_can.o
LOAD ./Drivers/STM32F1xx_HAL_Driver/Src/stm32f1xx_hal_cortex.o
LOAD ./Drivers/STM32F1xx_HAL_Driver/Src/stm32f1xx_hal_dma.o
LOAD ./Drivers/STM32F1xx_HAL_Driver/Src/stm32f1xx_hal_exti.o
LOAD ./Drivers/STM32F1xx_HAL_Driver/Src/stm32f1xx_hal_flash.o
LOAD ./Drivers/STM32F1xx_HAL_Driver/Src/stm32f1xx_hal_flash_ex.o
LOAD ./Drivers/STM32F1xx_HAL_Driver/Src/stm32f1xx_hal_gpio.o
LOAD ./Drivers/STM32F1xx_HAL_Driver/Src/stm32f1xx_hal_gpio_ex.o
LOAD ./Drivers/STM32F1xx_HAL_Driver/Src/stm32f1xx_hal_pwr.o
LOAD ./Drivers/STM32F1xx_HAL_Driver/Src/stm32f1xx_hal_rcc.o
LOAD ./Drivers/STM32F1xx_HAL_Driver/Src/stm32f1xx_hal_rcc_ex.o
LOAD ./Drivers/STM32F1xx_HAL_Driver/Src/stm32f1xx_hal_tim.o
LOAD ./Drivers/STM32F1xx_HAL_Driver/Src/stm32f1xx_hal_tim_ex.o
LOAD ./Drivers/STM32F1xx_HAL_Driver/Src/stm32f1xx_hal_uart.o
START GROUP
LOAD e:/university/tren_truong/ceec/stm32/stm32cubeide_1.11.2/stm32cubeide/plugins/com.st.stm32cube.ide.mcu.externaltools.gnu-tools-for-stm32.10.3-2021.10.win32_1.0.100.202210260954/tools/bin/../lib/gcc/arm-none-eabi/10.3.1/../../../../arm-none-eabi/lib/thumb/v7-m/nofp\libc_nano.a
LOAD e:/university/tren_truong/ceec/stm32/stm32cubeide_1.11.2/stm32cubeide/plugins/com.st.stm32cube.ide.mcu.externaltools.gnu-tools-for-stm32.10.3-2021.10.win32_1.0.100.202210260954/tools/bin/../lib/gcc/arm-none-eabi/10.3.1/../../../../arm-none-eabi/lib/thumb/v7-m/nofp\libm.a
END GROUP
START GROUP
LOAD e:/university/tren_truong/ceec/stm32/stm32cubeide_1.11.2/stm32cubeide/plugins/com.st.stm32cube.ide.mcu.externaltools.gnu-tools-for-stm32.10.3-2021.10.win32_1.0.100.202210260954/tools/bin/../lib/gcc/arm-none-eabi/10.3.1/thumb/v7-m/nofp\libgcc.a
LOAD e:/university/tren_truong/ceec/stm32/stm32cubeide_1.11.2/stm32cubeide/plugins/com.st.stm32cube.ide.mcu.externaltools.gnu-tools-for-stm32.10.3-2021.10.win32_1.0.100.202210260954/tools/bin/../lib/gcc/arm-none-eabi/10.3.1/../../../../arm-none-eabi/lib/thumb/v7-m/nofp\libc_nano.a
END GROUP
START GROUP
LOAD e:/university/tren_truong/ceec/stm32/stm32cubeide_1.11.2/stm32cubeide/plugins/com.st.stm32cube.ide.mcu.externaltools.gnu-tools-for-stm32.10.3-2021.10.win32_1.0.100.202210260954/tools/bin/../lib/gcc/arm-none-eabi/10.3.1/thumb/v7-m/nofp\libgcc.a
LOAD e:/university/tren_truong/ceec/stm32/stm32cubeide_1.11.2/stm32cubeide/plugins/com.st.stm32cube.ide.mcu.externaltools.gnu-tools-for-stm32.10.3-2021.10.win32_1.0.100.202210260954/tools/bin/../lib/gcc/arm-none-eabi/10.3.1/../../../../arm-none-eabi/lib/thumb/v7-m/nofp\libc_nano.a
LOAD e:/university/tren_truong/ceec/stm32/stm32cubeide_1.11.2/stm32cubeide/plugins/com.st.stm32cube.ide.mcu.externaltools.gnu-tools-for-stm32.10.3-2021.10.win32_1.0.100.202210260954/tools/bin/../lib/gcc/arm-none-eabi/10.3.1/../../../../arm-none-eabi/lib/thumb/v7-m/nofp\libnosys.a
END GROUP
START GROUP
LOAD e:/university/tren_truong/ceec/stm32/stm32cubeide_1.11.2/stm32cubeide/plugins/com.st.stm32cube.ide.mcu.externaltools.gnu-tools-for-stm32.10.3-2021.10.win32_1.0.100.202210260954/tools/bin/../lib/gcc/arm-none-eabi/10.3.1/thumb/v7-m/nofp\libgcc.a
LOAD e:/university/tren_truong/ceec/stm32/stm32cubeide_1.11.2/stm32cubeide/plugins/com.st.stm32cube.ide.mcu.externaltools.gnu-tools-for-stm32.10.3-2021.10.win32_1.0.100.202210260954/tools/bin/../lib/gcc/arm-none-eabi/10.3.1/../../../../arm-none-eabi/lib/thumb/v7-m/nofp\libc_nano.a
LOAD e:/university/tren_truong/ceec/stm32/stm32cubeide_1.11.2/stm32cubeide/plugins/com.st.stm32cube.ide.mcu.externaltools.gnu-tools-for-stm32.10.3-2021.10.win32_1.0.100.202210260954/tools/bin/../lib/gcc/arm-none-eabi/10.3.1/../../../../arm-none-eabi/lib/thumb/v7-m/nofp\libnosys.a
END GROUP
LOAD e:/university/tren_truong/ceec/stm32/stm32cubeide_1.11.2/stm32cubeide/plugins/com.st.stm32cube.ide.mcu.externaltools.gnu-tools-for-stm32.10.3-2021.10.win32_1.0.100.202210260954/tools/bin/../lib/gcc/arm-none-eabi/10.3.1/thumb/v7-m/nofp/crtend.o
LOAD e:/university/tren_truong/ceec/stm32/stm32cubeide_1.11.2/stm32cubeide/plugins/com.st.stm32cube.ide.mcu.externaltools.gnu-tools-for-stm32.10.3-2021.10.win32_1.0.100.202210260954/tools/bin/../lib/gcc/arm-none-eabi/10.3.1/thumb/v7-m/nofp/crtn.o
                0x0000000020005000                _estack = (ORIGIN (RAM) + LENGTH (RAM))
                0x0000000000000200                _Min_Heap_Size = 0x200
                0x0000000000000400                _Min_Stack_Size = 0x400

.isr_vector     0x0000000008000000      0x10c
                0x0000000008000000                . = ALIGN (0x4)
 *(.isr_vector)
 .isr_vector    0x0000000008000000      0x10c ./Core/Startup/startup_stm32f103c8tx.o
                0x0000000008000000                g_pfnVectors
                0x000000000800010c                . = ALIGN (0x4)

.text           0x000000000800010c     0x1e04
                0x000000000800010c                . = ALIGN (0x4)
 *(.text)
 .text          0x000000000800010c       0x40 e:/university/tren_truong/ceec/stm32/stm32cubeide_1.11.2/stm32cubeide/plugins/com.st.stm32cube.ide.mcu.externaltools.gnu-tools-for-stm32.10.3-2021.10.win32_1.0.100.202210260954/tools/bin/../lib/gcc/arm-none-eabi/10.3.1/thumb/v7-m/nofp/crtbegin.o
 *(.text*)
 .text.calc_SAE_J1850
                0x000000000800014c       0x88 ./Core/Src/main.o
                0x000000000800014c                calc_SAE_J1850
 .text.update_Transmit_Buffer
                0x00000000080001d4       0x40 ./Core/Src/main.o
                0x00000000080001d4                update_Transmit_Buffer
 .text.main     0x0000000008000214       0xdc ./Core/Src/main.o
                0x0000000008000214                main
 .text.SystemClock_Config
                0x00000000080002f0       0x8a ./Core/Src/main.o
                0x00000000080002f0                SystemClock_Config
 *fill*         0x000000000800037a        0x2 
 .text.MX_CAN_Init
                0x000000000800037c       0x6c ./Core/Src/main.o
 .text.MX_USART2_UART_Init
                0x00000000080003e8       0x54 ./Core/Src/main.o
 .text.MX_GPIO_Init
                0x000000000800043c       0x44 ./Core/Src/main.o
 .text.Error_Handler
                0x0000000008000480        0xa ./Core/Src/main.o
                0x0000000008000480                Error_Handler
 *fill*         0x000000000800048a        0x2 
 .text.HAL_MspInit
                0x000000000800048c       0x44 ./Core/Src/stm32f1xx_hal_msp.o
                0x000000000800048c                HAL_MspInit
 .text.HAL_CAN_MspInit
                0x00000000080004d0       0x98 ./Core/Src/stm32f1xx_hal_msp.o
                0x00000000080004d0                HAL_CAN_MspInit
 .text.HAL_UART_MspInit
                0x0000000008000568       0x94 ./Core/Src/stm32f1xx_hal_msp.o
                0x0000000008000568                HAL_UART_MspInit
 .text.NMI_Handler
                0x00000000080005fc        0x6 ./Core/Src/stm32f1xx_it.o
                0x00000000080005fc                NMI_Handler
 .text.HardFault_Handler
                0x0000000008000602        0x6 ./Core/Src/stm32f1xx_it.o
                0x0000000008000602                HardFault_Handler
 .text.MemManage_Handler
                0x0000000008000608        0x6 ./Core/Src/stm32f1xx_it.o
                0x0000000008000608                MemManage_Handler
 .text.BusFault_Handler
                0x000000000800060e        0x6 ./Core/Src/stm32f1xx_it.o
                0x000000000800060e                BusFault_Handler
 .text.UsageFault_Handler
                0x0000000008000614        0x6 ./Core/Src/stm32f1xx_it.o
                0x0000000008000614                UsageFault_Handler
 .text.SVC_Handler
                0x000000000800061a        0xc ./Core/Src/stm32f1xx_it.o
                0x000000000800061a                SVC_Handler
 .text.DebugMon_Handler
                0x0000000008000626        0xc ./Core/Src/stm32f1xx_it.o
                0x0000000008000626                DebugMon_Handler
 .text.PendSV_Handler
                0x0000000008000632        0xc ./Core/Src/stm32f1xx_it.o
                0x0000000008000632                PendSV_Handler
 .text.SysTick_Handler
                0x000000000800063e        0xc ./Core/Src/stm32f1xx_it.o
                0x000000000800063e                SysTick_Handler
 .text.SystemInit
                0x000000000800064a        0xc ./Core/Src/system_stm32f1xx.o
                0x000000000800064a                SystemInit
 *fill*         0x0000000008000656        0x2 
 .text.Reset_Handler
                0x0000000008000658       0x48 ./Core/Startup/startup_stm32f103c8tx.o
                0x0000000008000658                Reset_Handler
 .text.Default_Handler
                0x00000000080006a0        0x2 ./Core/Startup/startup_stm32f103c8tx.o
                0x00000000080006a0                RTC_Alarm_IRQHandler
                0x00000000080006a0                EXTI2_IRQHandler
                0x00000000080006a0                TIM1_CC_IRQHandler
                0x00000000080006a0                PVD_IRQHandler
                0x00000000080006a0                EXTI3_IRQHandler
                0x00000000080006a0                EXTI0_IRQHandler
                0x00000000080006a0                I2C2_EV_IRQHandler
                0x00000000080006a0                ADC1_2_IRQHandler
                0x00000000080006a0                SPI1_IRQHandler
                0x00000000080006a0                TAMPER_IRQHandler
                0x00000000080006a0                DMA1_Channel4_IRQHandler
                0x00000000080006a0                USART3_IRQHandler
                0x00000000080006a0                RTC_IRQHandler
                0x00000000080006a0                DMA1_Channel7_IRQHandler
                0x00000000080006a0                CAN1_RX1_IRQHandler
                0x00000000080006a0                TIM4_IRQHandler
                0x00000000080006a0                I2C1_EV_IRQHandler
                0x00000000080006a0                DMA1_Channel6_IRQHandler
                0x00000000080006a0                TIM3_IRQHandler
                0x00000000080006a0                RCC_IRQHandler
                0x00000000080006a0                TIM1_TRG_COM_IRQHandler
                0x00000000080006a0                DMA1_Channel1_IRQHandler
                0x00000000080006a0                Default_Handler
                0x00000000080006a0                EXTI15_10_IRQHandler
                0x00000000080006a0                EXTI9_5_IRQHandler
                0x00000000080006a0                SPI2_IRQHandler
                0x00000000080006a0                DMA1_Channel5_IRQHandler
                0x00000000080006a0                EXTI4_IRQHandler
                0x00000000080006a0                USB_LP_CAN1_RX0_IRQHandler
                0x00000000080006a0                USB_HP_CAN1_TX_IRQHandler
                0x00000000080006a0                DMA1_Channel3_IRQHandler
                0x00000000080006a0                TIM1_UP_IRQHandler
                0x00000000080006a0                WWDG_IRQHandler
                0x00000000080006a0                TIM2_IRQHandler
                0x00000000080006a0                TIM1_BRK_IRQHandler
                0x00000000080006a0                EXTI1_IRQHandler
                0x00000000080006a0                USART2_IRQHandler
                0x00000000080006a0                I2C2_ER_IRQHandler
                0x00000000080006a0                DMA1_Channel2_IRQHandler
                0x00000000080006a0                CAN1_SCE_IRQHandler
                0x00000000080006a0                FLASH_IRQHandler
                0x00000000080006a0                USART1_IRQHandler
                0x00000000080006a0                I2C1_ER_IRQHandler
                0x00000000080006a0                USBWakeUp_IRQHandler
 *fill*         0x00000000080006a2        0x2 
 .text.HAL_Init
                0x00000000080006a4       0x2c ./Drivers/STM32F1xx_HAL_Driver/Src/stm32f1xx_hal.o
                0x00000000080006a4                HAL_Init
 .text.HAL_InitTick
                0x00000000080006d0       0x60 ./Drivers/STM32F1xx_HAL_Driver/Src/stm32f1xx_hal.o
                0x00000000080006d0                HAL_InitTick
 .text.HAL_IncTick
                0x0000000008000730       0x24 ./Drivers/STM32F1xx_HAL_Driver/Src/stm32f1xx_hal.o
                0x0000000008000730                HAL_IncTick
 .text.HAL_GetTick
                0x0000000008000754       0x14 ./Drivers/STM32F1xx_HAL_Driver/Src/stm32f1xx_hal.o
                0x0000000008000754                HAL_GetTick
 .text.HAL_Delay
                0x0000000008000768       0x48 ./Drivers/STM32F1xx_HAL_Driver/Src/stm32f1xx_hal.o
                0x0000000008000768                HAL_Delay
 .text.HAL_CAN_Init
                0x00000000080007b0      0x1f6 ./Drivers/STM32F1xx_HAL_Driver/Src/stm32f1xx_hal_can.o
                0x00000000080007b0                HAL_CAN_Init
 .text.HAL_CAN_Start
                0x00000000080009a6       0x88 ./Drivers/STM32F1xx_HAL_Driver/Src/stm32f1xx_hal_can.o
                0x00000000080009a6                HAL_CAN_Start
 .text.HAL_CAN_AddTxMessage
                0x0000000008000a2e      0x19e ./Drivers/STM32F1xx_HAL_Driver/Src/stm32f1xx_hal_can.o
                0x0000000008000a2e                HAL_CAN_AddTxMessage
 .text.HAL_CAN_GetRxMessage
                0x0000000008000bcc      0x242 ./Drivers/STM32F1xx_HAL_Driver/Src/stm32f1xx_hal_can.o
                0x0000000008000bcc                HAL_CAN_GetRxMessage
 *fill*         0x0000000008000e0e        0x2 
 .text.__NVIC_SetPriorityGrouping
                0x0000000008000e10       0x48 ./Drivers/STM32F1xx_HAL_Driver/Src/stm32f1xx_hal_cortex.o
 .text.__NVIC_GetPriorityGrouping
                0x0000000008000e58       0x1c ./Drivers/STM32F1xx_HAL_Driver/Src/stm32f1xx_hal_cortex.o
 .text.__NVIC_SetPriority
                0x0000000008000e74       0x54 ./Drivers/STM32F1xx_HAL_Driver/Src/stm32f1xx_hal_cortex.o
 .text.NVIC_EncodePriority
                0x0000000008000ec8       0x64 ./Drivers/STM32F1xx_HAL_Driver/Src/stm32f1xx_hal_cortex.o
 .text.SysTick_Config
                0x0000000008000f2c       0x44 ./Drivers/STM32F1xx_HAL_Driver/Src/stm32f1xx_hal_cortex.o
 .text.HAL_NVIC_SetPriorityGrouping
                0x0000000008000f70       0x16 ./Drivers/STM32F1xx_HAL_Driver/Src/stm32f1xx_hal_cortex.o
                0x0000000008000f70                HAL_NVIC_SetPriorityGrouping
 .text.HAL_NVIC_SetPriority
                0x0000000008000f86       0x38 ./Drivers/STM32F1xx_HAL_Driver/Src/stm32f1xx_hal_cortex.o
                0x0000000008000f86                HAL_NVIC_SetPriority
 .text.HAL_SYSTICK_Config
                0x0000000008000fbe       0x18 ./Drivers/STM32F1xx_HAL_Driver/Src/stm32f1xx_hal_cortex.o
                0x0000000008000fbe                HAL_SYSTICK_Config
 *fill*         0x0000000008000fd6        0x2 
 .text.HAL_GPIO_Init
                0x0000000008000fd8      0x308 ./Drivers/STM32F1xx_HAL_Driver/Src/stm32f1xx_hal_gpio.o
                0x0000000008000fd8                HAL_GPIO_Init
 .text.HAL_RCC_OscConfig
                0x00000000080012e0      0x504 ./Drivers/STM32F1xx_HAL_Driver/Src/stm32f1xx_hal_rcc.o
                0x00000000080012e0                HAL_RCC_OscConfig
 .text.HAL_RCC_ClockConfig
                0x00000000080017e4      0x1d4 ./Drivers/STM32F1xx_HAL_Driver/Src/stm32f1xx_hal_rcc.o
                0x00000000080017e4                HAL_RCC_ClockConfig
 .text.HAL_RCC_GetSysClockFreq
                0x00000000080019b8       0xa8 ./Drivers/STM32F1xx_HAL_Driver/Src/stm32f1xx_hal_rcc.o
                0x00000000080019b8                HAL_RCC_GetSysClockFreq
 .text.HAL_RCC_GetHCLKFreq
                0x0000000008001a60       0x14 ./Drivers/STM32F1xx_HAL_Driver/Src/stm32f1xx_hal_rcc.o
                0x0000000008001a60                HAL_RCC_GetHCLKFreq
 .text.HAL_RCC_GetPCLK1Freq
                0x0000000008001a74       0x28 ./Drivers/STM32F1xx_HAL_Driver/Src/stm32f1xx_hal_rcc.o
                0x0000000008001a74                HAL_RCC_GetPCLK1Freq
 .text.HAL_RCC_GetPCLK2Freq
                0x0000000008001a9c       0x28 ./Drivers/STM32F1xx_HAL_Driver/Src/stm32f1xx_hal_rcc.o
                0x0000000008001a9c                HAL_RCC_GetPCLK2Freq
 .text.RCC_Delay
                0x0000000008001ac4       0x3c ./Drivers/STM32F1xx_HAL_Driver/Src/stm32f1xx_hal_rcc.o
 .text.HAL_UART_Init
                0x0000000008001b00       0xa0 ./Drivers/STM32F1xx_HAL_Driver/Src/stm32f1xx_hal_uart.o
                0x0000000008001b00                HAL_UART_Init
 .text.HAL_UART_Transmit
                0x0000000008001ba0      0x106 ./Drivers/STM32F1xx_HAL_Driver/Src/stm32f1xx_hal_uart.o
                0x0000000008001ba0                HAL_UART_Transmit
 .text.UART_WaitOnFlagUntilTimeout
                0x0000000008001ca6       0xdc ./Drivers/STM32F1xx_HAL_Driver/Src/stm32f1xx_hal_uart.o
 *fill*         0x0000000008001d82        0x2 
 .text.UART_SetConfig
                0x0000000008001d84      0x11c ./Drivers/STM32F1xx_HAL_Driver/Src/stm32f1xx_hal_uart.o
 .text.__libc_init_array
                0x0000000008001ea0       0x48 e:/university/tren_truong/ceec/stm32/stm32cubeide_1.11.2/stm32cubeide/plugins/com.st.stm32cube.ide.mcu.externaltools.gnu-tools-for-stm32.10.3-2021.10.win32_1.0.100.202210260954/tools/bin/../lib/gcc/arm-none-eabi/10.3.1/../../../../arm-none-eabi/lib/thumb/v7-m/nofp\libc_nano.a(lib_a-init.o)
                0x0000000008001ea0                __libc_init_array
 .text.memset   0x0000000008001ee8       0x10 e:/university/tren_truong/ceec/stm32/stm32cubeide_1.11.2/stm32cubeide/plugins/com.st.stm32cube.ide.mcu.externaltools.gnu-tools-for-stm32.10.3-2021.10.win32_1.0.100.202210260954/tools/bin/../lib/gcc/arm-none-eabi/10.3.1/../../../../arm-none-eabi/lib/thumb/v7-m/nofp\libc_nano.a(lib_a-memset.o)
                0x0000000008001ee8                memset
 *(.glue_7)
 .glue_7        0x0000000008001ef8        0x0 linker stubs
 *(.glue_7t)
 .glue_7t       0x0000000008001ef8        0x0 linker stubs
 *(.eh_frame)
 .eh_frame      0x0000000008001ef8        0x0 e:/university/tren_truong/ceec/stm32/stm32cubeide_1.11.2/stm32cubeide/plugins/com.st.stm32cube.ide.mcu.externaltools.gnu-tools-for-stm32.10.3-2021.10.win32_1.0.100.202210260954/tools/bin/../lib/gcc/arm-none-eabi/10.3.1/thumb/v7-m/nofp/crtbegin.o
 *(.init)
 .init          0x0000000008001ef8        0x4 e:/university/tren_truong/ceec/stm32/stm32cubeide_1.11.2/stm32cubeide/plugins/com.st.stm32cube.ide.mcu.externaltools.gnu-tools-for-stm32.10.3-2021.10.win32_1.0.100.202210260954/tools/bin/../lib/gcc/arm-none-eabi/10.3.1/thumb/v7-m/nofp/crti.o
                0x0000000008001ef8                _init
 .init          0x0000000008001efc        0x8 e:/university/tren_truong/ceec/stm32/stm32cubeide_1.11.2/stm32cubeide/plugins/com.st.stm32cube.ide.mcu.externaltools.gnu-tools-for-stm32.10.3-2021.10.win32_1.0.100.202210260954/tools/bin/../lib/gcc/arm-none-eabi/10.3.1/thumb/v7-m/nofp/crtn.o
 *(.fini)
 .fini          0x0000000008001f04        0x4 e:/university/tren_truong/ceec/stm32/stm32cubeide_1.11.2/stm32cubeide/plugins/com.st.stm32cube.ide.mcu.externaltools.gnu-tools-for-stm32.10.3-2021.10.win32_1.0.100.202210260954/tools/bin/../lib/gcc/arm-none-eabi/10.3.1/thumb/v7-m/nofp/crti.o
                0x0000000008001f04                _fini
 .fini          0x0000000008001f08        0x8 e:/university/tren_truong/ceec/stm32/stm32cubeide_1.11.2/stm32cubeide/plugins/com.st.stm32cube.ide.mcu.externaltools.gnu-tools-for-stm32.10.3-2021.10.win32_1.0.100.202210260954/tools/bin/../lib/gcc/arm-none-eabi/10.3.1/thumb/v7-m/nofp/crtn.o
                0x0000000008001f10                . = ALIGN (0x4)
                0x0000000008001f10                _etext = .

.vfp11_veneer   0x0000000008001f10        0x0
 .vfp11_veneer  0x0000000008001f10        0x0 linker stubs

.v4_bx          0x0000000008001f10        0x0
 .v4_bx         0x0000000008001f10        0x0 linker stubs

.iplt           0x0000000008001f10        0x0
 .iplt          0x0000000008001f10        0x0 e:/university/tren_truong/ceec/stm32/stm32cubeide_1.11.2/stm32cubeide/plugins/com.st.stm32cube.ide.mcu.externaltools.gnu-tools-for-stm32.10.3-2021.10.win32_1.0.100.202210260954/tools/bin/../lib/gcc/arm-none-eabi/10.3.1/thumb/v7-m/nofp/crtbegin.o

.rodata         0x0000000008001f10       0x2c
                0x0000000008001f10                . = ALIGN (0x4)
 *(.rodata)
 *(.rodata*)
 .rodata.AHBPrescTable
                0x0000000008001f10       0x10 ./Core/Src/system_stm32f1xx.o
                0x0000000008001f10                AHBPrescTable
 .rodata.APBPrescTable
                0x0000000008001f20        0x8 ./Core/Src/system_stm32f1xx.o
                0x0000000008001f20                APBPrescTable
 .rodata.aPLLMULFactorTable.1
                0x0000000008001f28       0x10 ./Drivers/STM32F1xx_HAL_Driver/Src/stm32f1xx_hal_rcc.o
 .rodata.aPredivFactorTable.0
                0x0000000008001f38        0x2 ./Drivers/STM32F1xx_HAL_Driver/Src/stm32f1xx_hal_rcc.o
                0x0000000008001f3c                . = ALIGN (0x4)
 *fill*         0x0000000008001f3a        0x2 

.rel.dyn        0x0000000008001f3c        0x0
 .rel.iplt      0x0000000008001f3c        0x0 e:/university/tren_truong/ceec/stm32/stm32cubeide_1.11.2/stm32cubeide/plugins/com.st.stm32cube.ide.mcu.externaltools.gnu-tools-for-stm32.10.3-2021.10.win32_1.0.100.202210260954/tools/bin/../lib/gcc/arm-none-eabi/10.3.1/thumb/v7-m/nofp/crtbegin.o

.ARM.extab      0x0000000008001f3c        0x0
                0x0000000008001f3c                . = ALIGN (0x4)
 *(.ARM.extab* .gnu.linkonce.armextab.*)
                0x0000000008001f3c                . = ALIGN (0x4)

.ARM            0x0000000008001f3c        0x0
                0x0000000008001f3c                . = ALIGN (0x4)
                0x0000000008001f3c                __exidx_start = .
 *(.ARM.exidx*)
                0x0000000008001f3c                __exidx_end = .
                0x0000000008001f3c                . = ALIGN (0x4)

.preinit_array  0x0000000008001f3c        0x0
                0x0000000008001f3c                . = ALIGN (0x4)
                0x0000000008001f3c                PROVIDE (__preinit_array_start = .)
 *(.preinit_array*)
                0x0000000008001f3c                PROVIDE (__preinit_array_end = .)
                0x0000000008001f3c                . = ALIGN (0x4)

.init_array     0x0000000008001f3c        0x4
                0x0000000008001f3c                . = ALIGN (0x4)
                0x0000000008001f3c                PROVIDE (__init_array_start = .)
 *(SORT_BY_NAME(.init_array.*))
 *(.init_array*)
 .init_array    0x0000000008001f3c        0x4 e:/university/tren_truong/ceec/stm32/stm32cubeide_1.11.2/stm32cubeide/plugins/com.st.stm32cube.ide.mcu.externaltools.gnu-tools-for-stm32.10.3-2021.10.win32_1.0.100.202210260954/tools/bin/../lib/gcc/arm-none-eabi/10.3.1/thumb/v7-m/nofp/crtbegin.o
                0x0000000008001f40                PROVIDE (__init_array_end = .)
                0x0000000008001f40                . = ALIGN (0x4)

.fini_array     0x0000000008001f40        0x4
                0x0000000008001f40                . = ALIGN (0x4)
                [!provide]                        PROVIDE (__fini_array_start = .)
 *(SORT_BY_NAME(.fini_array.*))
 *(.fini_array*)
 .fini_array    0x0000000008001f40        0x4 e:/university/tren_truong/ceec/stm32/stm32cubeide_1.11.2/stm32cubeide/plugins/com.st.stm32cube.ide.mcu.externaltools.gnu-tools-for-stm32.10.3-2021.10.win32_1.0.100.202210260954/tools/bin/../lib/gcc/arm-none-eabi/10.3.1/thumb/v7-m/nofp/crtbegin.o
                [!provide]                        PROVIDE (__fini_array_end = .)
                0x0000000008001f44                . = ALIGN (0x4)
                0x0000000008001f44                _sidata = LOADADDR (.data)

.data           0x0000000020000000       0x68 load address 0x0000000008001f44
                0x0000000020000000                . = ALIGN (0x4)
                0x0000000020000000                _sdata = .
 *(.data)
 *(.data*)
 .data.can_Status
                0x0000000020000000       0x28 ./Core/Src/main.o
                0x0000000020000000                can_Status
 .data.Receive_header
                0x0000000020000028       0x1c ./Core/Src/main.o
                0x0000000020000028                Receive_header
 .data.Transmit_Header
                0x0000000020000044       0x18 ./Core/Src/main.o
                0x0000000020000044                Transmit_Header
 .data.SystemCoreClock
                0x000000002000005c        0x4 ./Core/Src/system_stm32f1xx.o
                0x000000002000005c                SystemCoreClock
 .data.uwTickPrio
                0x0000000020000060        0x4 ./Drivers/STM32F1xx_HAL_Driver/Src/stm32f1xx_hal.o
                0x0000000020000060                uwTickPrio
 .data.uwTickFreq
                0x0000000020000064        0x1 ./Drivers/STM32F1xx_HAL_Driver/Src/stm32f1xx_hal.o
                0x0000000020000064                uwTickFreq
 *(.RamFunc)
 *(.RamFunc*)
                0x0000000020000068                . = ALIGN (0x4)
 *fill*         0x0000000020000065        0x3 
                0x0000000020000068                _edata = .

.igot.plt       0x0000000020000068        0x0 load address 0x0000000008001fac
 .igot.plt      0x0000000020000068        0x0 e:/university/tren_truong/ceec/stm32/stm32cubeide_1.11.2/stm32cubeide/plugins/com.st.stm32cube.ide.mcu.externaltools.gnu-tools-for-stm32.10.3-2021.10.win32_1.0.100.202210260954/tools/bin/../lib/gcc/arm-none-eabi/10.3.1/thumb/v7-m/nofp/crtbegin.o
                0x0000000020000068                . = ALIGN (0x4)

.bss            0x0000000020000068       0xa8 load address 0x0000000008001fac
                0x0000000020000068                _sbss = .
                0x0000000020000068                __bss_start__ = _sbss
 *(.bss)
 .bss           0x0000000020000068       0x1c e:/university/tren_truong/ceec/stm32/stm32cubeide_1.11.2/stm32cubeide/plugins/com.st.stm32cube.ide.mcu.externaltools.gnu-tools-for-stm32.10.3-2021.10.win32_1.0.100.202210260954/tools/bin/../lib/gcc/arm-none-eabi/10.3.1/thumb/v7-m/nofp/crtbegin.o
 *(.bss*)
 .bss.hcan      0x0000000020000084       0x28 ./Core/Src/main.o
                0x0000000020000084                hcan
 .bss.huart2    0x00000000200000ac       0x48 ./Core/Src/main.o
                0x00000000200000ac                huart2
 .bss.transmit_Buffer
                0x00000000200000f4        0x8 ./Core/Src/main.o
                0x00000000200000f4                transmit_Buffer
 .bss.receive_Buffer
                0x00000000200000fc        0x8 ./Core/Src/main.o
                0x00000000200000fc                receive_Buffer
 .bss.mailbox   0x0000000020000104        0x4 ./Core/Src/main.o
                0x0000000020000104                mailbox
 .bss.fifo      0x0000000020000108        0x4 ./Core/Src/main.o
                0x0000000020000108                fifo
 .bss.uwTick    0x000000002000010c        0x4 ./Drivers/STM32F1xx_HAL_Driver/Src/stm32f1xx_hal.o
                0x000000002000010c                uwTick
 *(COMMON)
                0x0000000020000110                . = ALIGN (0x4)
                0x0000000020000110                _ebss = .
                0x0000000020000110                __bss_end__ = _ebss

._user_heap_stack
                0x0000000020000110      0x600 load address 0x0000000008001fac
                0x0000000020000110                . = ALIGN (0x8)
                [!provide]                        PROVIDE (end = .)
                0x0000000020000110                PROVIDE (_end = .)
                0x0000000020000310                . = (. + _Min_Heap_Size)
 *fill*         0x0000000020000110      0x200 
                0x0000000020000710                . = (. + _Min_Stack_Size)
 *fill*         0x0000000020000310      0x400 
                0x0000000020000710                . = ALIGN (0x8)

/DISCARD/
 libc.a(*)
 libm.a(*)
 libgcc.a(*)

.ARM.attributes
                0x0000000000000000       0x29
 *(.ARM.attributes)
 .ARM.attributes
                0x0000000000000000       0x1d e:/university/tren_truong/ceec/stm32/stm32cubeide_1.11.2/stm32cubeide/plugins/com.st.stm32cube.ide.mcu.externaltools.gnu-tools-for-stm32.10.3-2021.10.win32_1.0.100.202210260954/tools/bin/../lib/gcc/arm-none-eabi/10.3.1/thumb/v7-m/nofp/crti.o
 .ARM.attributes
                0x000000000000001d       0x2d e:/university/tren_truong/ceec/stm32/stm32cubeide_1.11.2/stm32cubeide/plugins/com.st.stm32cube.ide.mcu.externaltools.gnu-tools-for-stm32.10.3-2021.10.win32_1.0.100.202210260954/tools/bin/../lib/gcc/arm-none-eabi/10.3.1/thumb/v7-m/nofp/crtbegin.o
 .ARM.attributes
                0x000000000000004a       0x2d ./Core/Src/main.o
 .ARM.attributes
                0x0000000000000077       0x2d ./Core/Src/stm32f1xx_hal_msp.o
 .ARM.attributes
                0x00000000000000a4       0x2d ./Core/Src/stm32f1xx_it.o
 .ARM.attributes
                0x00000000000000d1       0x2d ./Core/Src/system_stm32f1xx.o
 .ARM.attributes
                0x00000000000000fe       0x21 ./Core/Startup/startup_stm32f103c8tx.o
 .ARM.attributes
                0x000000000000011f       0x2d ./Drivers/STM32F1xx_HAL_Driver/Src/stm32f1xx_hal.o
 .ARM.attributes
                0x000000000000014c       0x2d ./Drivers/STM32F1xx_HAL_Driver/Src/stm32f1xx_hal_can.o
 .ARM.attributes
                0x0000000000000179       0x2d ./Drivers/STM32F1xx_HAL_Driver/Src/stm32f1xx_hal_cortex.o
 .ARM.attributes
                0x00000000000001a6       0x2d ./Drivers/STM32F1xx_HAL_Driver/Src/stm32f1xx_hal_gpio.o
 .ARM.attributes
                0x00000000000001d3       0x2d ./Drivers/STM32F1xx_HAL_Driver/Src/stm32f1xx_hal_rcc.o
 .ARM.attributes
                0x0000000000000200       0x2d ./Drivers/STM32F1xx_HAL_Driver/Src/stm32f1xx_hal_uart.o
 .ARM.attributes
                0x000000000000022d       0x2d e:/university/tren_truong/ceec/stm32/stm32cubeide_1.11.2/stm32cubeide/plugins/com.st.stm32cube.ide.mcu.externaltools.gnu-tools-for-stm32.10.3-2021.10.win32_1.0.100.202210260954/tools/bin/../lib/gcc/arm-none-eabi/10.3.1/../../../../arm-none-eabi/lib/thumb/v7-m/nofp\libc_nano.a(lib_a-init.o)
 .ARM.attributes
                0x000000000000025a       0x2d e:/university/tren_truong/ceec/stm32/stm32cubeide_1.11.2/stm32cubeide/plugins/com.st.stm32cube.ide.mcu.externaltools.gnu-tools-for-stm32.10.3-2021.10.win32_1.0.100.202210260954/tools/bin/../lib/gcc/arm-none-eabi/10.3.1/../../../../arm-none-eabi/lib/thumb/v7-m/nofp\libc_nano.a(lib_a-memset.o)
 .ARM.attributes
                0x0000000000000287       0x1d e:/university/tren_truong/ceec/stm32/stm32cubeide_1.11.2/stm32cubeide/plugins/com.st.stm32cube.ide.mcu.externaltools.gnu-tools-for-stm32.10.3-2021.10.win32_1.0.100.202210260954/tools/bin/../lib/gcc/arm-none-eabi/10.3.1/thumb/v7-m/nofp/crtn.o
OUTPUT(NODE2_Sensor.elf elf32-littlearm)
LOAD linker stubs
LOAD e:/university/tren_truong/ceec/stm32/stm32cubeide_1.11.2/stm32cubeide/plugins/com.st.stm32cube.ide.mcu.externaltools.gnu-tools-for-stm32.10.3-2021.10.win32_1.0.100.202210260954/tools/bin/../lib/gcc/arm-none-eabi/10.3.1/../../../../arm-none-eabi/lib/thumb/v7-m/nofp\libc.a
LOAD e:/university/tren_truong/ceec/stm32/stm32cubeide_1.11.2/stm32cubeide/plugins/com.st.stm32cube.ide.mcu.externaltools.gnu-tools-for-stm32.10.3-2021.10.win32_1.0.100.202210260954/tools/bin/../lib/gcc/arm-none-eabi/10.3.1/../../../../arm-none-eabi/lib/thumb/v7-m/nofp\libm.a
LOAD e:/university/tren_truong/ceec/stm32/stm32cubeide_1.11.2/stm32cubeide/plugins/com.st.stm32cube.ide.mcu.externaltools.gnu-tools-for-stm32.10.3-2021.10.win32_1.0.100.202210260954/tools/bin/../lib/gcc/arm-none-eabi/10.3.1/thumb/v7-m/nofp\libgcc.a

.debug_info     0x0000000000000000     0x81cd
 .debug_info    0x0000000000000000      0xfb4 ./Core/Src/main.o
 .debug_info    0x0000000000000fb4      0xc41 ./Core/Src/stm32f1xx_hal_msp.o
 .debug_info    0x0000000000001bf5      0x122 ./Core/Src/stm32f1xx_it.o
 .debug_info    0x0000000000001d17      0x23d ./Core/Src/system_stm32f1xx.o
 .debug_info    0x0000000000001f54       0x22 ./Core/Startup/startup_stm32f103c8tx.o
 .debug_info    0x0000000000001f76      0x734 ./Drivers/STM32F1xx_HAL_Driver/Src/stm32f1xx_hal.o
 .debug_info    0x00000000000026aa      0xfd7 ./Drivers/STM32F1xx_HAL_Driver/Src/stm32f1xx_hal_can.o
 .debug_info    0x0000000000003681      0xb20 ./Drivers/STM32F1xx_HAL_Driver/Src/stm32f1xx_hal_cortex.o
 .debug_info    0x00000000000041a1      0x615 ./Drivers/STM32F1xx_HAL_Driver/Src/stm32f1xx_hal_gpio.o
 .debug_info    0x00000000000047b6      0x865 ./Drivers/STM32F1xx_HAL_Driver/Src/stm32f1xx_hal_rcc.o
 .debug_info    0x000000000000501b     0x31b2 ./Drivers/STM32F1xx_HAL_Driver/Src/stm32f1xx_hal_uart.o

.debug_abbrev   0x0000000000000000     0x14ea
 .debug_abbrev  0x0000000000000000      0x2fe ./Core/Src/main.o
 .debug_abbrev  0x00000000000002fe      0x1dd ./Core/Src/stm32f1xx_hal_msp.o
 .debug_abbrev  0x00000000000004db       0x74 ./Core/Src/stm32f1xx_it.o
 .debug_abbrev  0x000000000000054f      0x13b ./Core/Src/system_stm32f1xx.o
 .debug_abbrev  0x000000000000068a       0x12 ./Core/Startup/startup_stm32f103c8tx.o
 .debug_abbrev  0x000000000000069c      0x1fb ./Drivers/STM32F1xx_HAL_Driver/Src/stm32f1xx_hal.o
 .debug_abbrev  0x0000000000000897      0x224 ./Drivers/STM32F1xx_HAL_Driver/Src/stm32f1xx_hal_can.o
 .debug_abbrev  0x0000000000000abb      0x2ed ./Drivers/STM32F1xx_HAL_Driver/Src/stm32f1xx_hal_cortex.o
 .debug_abbrev  0x0000000000000da8      0x1bb ./Drivers/STM32F1xx_HAL_Driver/Src/stm32f1xx_hal_gpio.o
 .debug_abbrev  0x0000000000000f63      0x2a8 ./Drivers/STM32F1xx_HAL_Driver/Src/stm32f1xx_hal_rcc.o
 .debug_abbrev  0x000000000000120b      0x2df ./Drivers/STM32F1xx_HAL_Driver/Src/stm32f1xx_hal_uart.o

.debug_aranges  0x0000000000000000      0x750
 .debug_aranges
                0x0000000000000000       0x58 ./Core/Src/main.o
 .debug_aranges
                0x0000000000000058       0x40 ./Core/Src/stm32f1xx_hal_msp.o
 .debug_aranges
                0x0000000000000098       0x60 ./Core/Src/stm32f1xx_it.o
 .debug_aranges
                0x00000000000000f8       0x28 ./Core/Src/system_stm32f1xx.o
 .debug_aranges
                0x0000000000000120       0x28 ./Core/Startup/startup_stm32f103c8tx.o
 .debug_aranges
                0x0000000000000148       0xe0 ./Drivers/STM32F1xx_HAL_Driver/Src/stm32f1xx_hal.o
 .debug_aranges
                0x0000000000000228      0x138 ./Drivers/STM32F1xx_HAL_Driver/Src/stm32f1xx_hal_can.o
 .debug_aranges
                0x0000000000000360      0x100 ./Drivers/STM32F1xx_HAL_Driver/Src/stm32f1xx_hal_cortex.o
 .debug_aranges
                0x0000000000000460       0x58 ./Drivers/STM32F1xx_HAL_Driver/Src/stm32f1xx_hal_gpio.o
 .debug_aranges
                0x00000000000004b8       0x90 ./Drivers/STM32F1xx_HAL_Driver/Src/stm32f1xx_hal_rcc.o
 .debug_aranges
                0x0000000000000548      0x208 ./Drivers/STM32F1xx_HAL_Driver/Src/stm32f1xx_hal_uart.o

.debug_ranges   0x0000000000000000      0x6d8
 .debug_ranges  0x0000000000000000       0x48 ./Core/Src/main.o
 .debug_ranges  0x0000000000000048       0x30 ./Core/Src/stm32f1xx_hal_msp.o
 .debug_ranges  0x0000000000000078       0x50 ./Core/Src/stm32f1xx_it.o
 .debug_ranges  0x00000000000000c8       0x18 ./Core/Src/system_stm32f1xx.o
 .debug_ranges  0x00000000000000e0       0x20 ./Core/Startup/startup_stm32f103c8tx.o
 .debug_ranges  0x0000000000000100       0xd0 ./Drivers/STM32F1xx_HAL_Driver/Src/stm32f1xx_hal.o
 .debug_ranges  0x00000000000001d0      0x128 ./Drivers/STM32F1xx_HAL_Driver/Src/stm32f1xx_hal_can.o
 .debug_ranges  0x00000000000002f8       0xf0 ./Drivers/STM32F1xx_HAL_Driver/Src/stm32f1xx_hal_cortex.o
 .debug_ranges  0x00000000000003e8       0x48 ./Drivers/STM32F1xx_HAL_Driver/Src/stm32f1xx_hal_gpio.o
 .debug_ranges  0x0000000000000430       0x80 ./Drivers/STM32F1xx_HAL_Driver/Src/stm32f1xx_hal_rcc.o
 .debug_ranges  0x00000000000004b0      0x228 ./Drivers/STM32F1xx_HAL_Driver/Src/stm32f1xx_hal_uart.o

.debug_macro    0x0000000000000000    0x16fd2
 .debug_macro   0x0000000000000000      0x34f ./Core/Src/main.o
 .debug_macro   0x000000000000034f      0xa6c ./Core/Src/main.o
 .debug_macro   0x0000000000000dbb      0x21b ./Core/Src/main.o
 .debug_macro   0x0000000000000fd6       0x2e ./Core/Src/main.o
 .debug_macro   0x0000000000001004       0x22 ./Core/Src/main.o
 .debug_macro   0x0000000000001026       0x22 ./Core/Src/main.o
 .debug_macro   0x0000000000001048       0x8e ./Core/Src/main.o
 .debug_macro   0x00000000000010d6       0x51 ./Core/Src/main.o
 .debug_macro   0x0000000000001127      0x103 ./Core/Src/main.o
 .debug_macro   0x000000000000122a       0x6a ./Core/Src/main.o
 .debug_macro   0x0000000000001294      0x1df ./Core/Src/main.o
 .debug_macro   0x0000000000001473       0x1c ./Core/Src/main.o
 .debug_macro   0x000000000000148f       0x22 ./Core/Src/main.o
 .debug_macro   0x00000000000014b1       0xbd ./Core/Src/main.o
 .debug_macro   0x000000000000156e      0xd23 ./Core/Src/main.o
 .debug_macro   0x0000000000002291     0xe09e ./Core/Src/main.o
 .debug_macro   0x000000000001032f       0x6d ./Core/Src/main.o
 .debug_macro   0x000000000001039c     0x348d ./Core/Src/main.o
 .debug_macro   0x0000000000013829      0x174 ./Core/Src/main.o
 .debug_macro   0x000000000001399d       0x5c ./Core/Src/main.o
 .debug_macro   0x00000000000139f9      0x5bc ./Core/Src/main.o
 .debug_macro   0x0000000000013fb5      0x289 ./Core/Src/main.o
 .debug_macro   0x000000000001423e      0x1cb ./Core/Src/main.o
 .debug_macro   0x0000000000014409      0x114 ./Core/Src/main.o
 .debug_macro   0x000000000001451d      0x1b2 ./Core/Src/main.o
 .debug_macro   0x00000000000146cf       0x27 ./Core/Src/main.o
 .debug_macro   0x00000000000146f6      0x136 ./Core/Src/main.o
 .debug_macro   0x000000000001482c      0x1bc ./Core/Src/main.o
 .debug_macro   0x00000000000149e8       0x34 ./Core/Src/main.o
 .debug_macro   0x0000000000014a1c       0x3c ./Core/Src/main.o
 .debug_macro   0x0000000000014a58      0x408 ./Core/Src/main.o
 .debug_macro   0x0000000000014e60       0x57 ./Core/Src/main.o
 .debug_macro   0x0000000000014eb7       0x87 ./Core/Src/main.o
 .debug_macro   0x0000000000014f3e      0x240 ./Core/Src/main.o
 .debug_macro   0x000000000001517e      0x140 ./Core/Src/main.o
 .debug_macro   0x00000000000152be      0x28e ./Core/Src/main.o
 .debug_macro   0x000000000001554c       0x83 ./Core/Src/main.o
 .debug_macro   0x00000000000155cf       0x52 ./Core/Src/main.o
 .debug_macro   0x0000000000015621       0x18 ./Core/Src/main.o
 .debug_macro   0x0000000000015639       0x3c ./Core/Src/main.o
 .debug_macro   0x0000000000015675       0x34 ./Core/Src/main.o
 .debug_macro   0x00000000000156a9       0x16 ./Core/Src/main.o
 .debug_macro   0x00000000000156bf       0x35 ./Core/Src/main.o
 .debug_macro   0x00000000000156f4      0x341 ./Core/Src/main.o
 .debug_macro   0x0000000000015a35       0x10 ./Core/Src/main.o
 .debug_macro   0x0000000000015a45       0x16 ./Core/Src/main.o
 .debug_macro   0x0000000000015a5b       0x43 ./Core/Src/main.o
 .debug_macro   0x0000000000015a9e       0x34 ./Core/Src/main.o
 .debug_macro   0x0000000000015ad2       0x10 ./Core/Src/main.o
 .debug_macro   0x0000000000015ae2       0x58 ./Core/Src/main.o
 .debug_macro   0x0000000000015b3a       0x71 ./Core/Src/main.o
 .debug_macro   0x0000000000015bab       0x1c ./Core/Src/main.o
 .debug_macro   0x0000000000015bc7      0x12a ./Core/Src/main.o
 .debug_macro   0x0000000000015cf1       0x10 ./Core/Src/main.o
 .debug_macro   0x0000000000015d01       0x1c ./Core/Src/main.o
 .debug_macro   0x0000000000015d1d       0x52 ./Core/Src/main.o
 .debug_macro   0x0000000000015d6f       0x22 ./Core/Src/main.o
 .debug_macro   0x0000000000015d91       0x10 ./Core/Src/main.o
 .debug_macro   0x0000000000015da1       0x52 ./Core/Src/main.o
 .debug_macro   0x0000000000015df3       0xd5 ./Core/Src/main.o
 .debug_macro   0x0000000000015ec8       0x1c ./Core/Src/main.o
 .debug_macro   0x0000000000015ee4       0x3d ./Core/Src/main.o
 .debug_macro   0x0000000000015f21       0x16 ./Core/Src/main.o
 .debug_macro   0x0000000000015f37      0x145 ./Core/Src/main.o
 .debug_macro   0x000000000001607c       0x16 ./Core/Src/main.o
 .debug_macro   0x0000000000016092       0x20 ./Core/Src/main.o
 .debug_macro   0x00000000000160b2      0x1a2 ./Core/Src/stm32f1xx_hal_msp.o
 .debug_macro   0x0000000000016254      0x1ac ./Core/Src/stm32f1xx_it.o
 .debug_macro   0x0000000000016400      0x198 ./Core/Src/system_stm32f1xx.o
 .debug_macro   0x0000000000016598      0x1bc ./Drivers/STM32F1xx_HAL_Driver/Src/stm32f1xx_hal.o
 .debug_macro   0x0000000000016754      0x1a0 ./Drivers/STM32F1xx_HAL_Driver/Src/stm32f1xx_hal_can.o
 .debug_macro   0x00000000000168f4      0x198 ./Drivers/STM32F1xx_HAL_Driver/Src/stm32f1xx_hal_cortex.o
 .debug_macro   0x0000000000016a8c      0x203 ./Drivers/STM32F1xx_HAL_Driver/Src/stm32f1xx_hal_gpio.o
 .debug_macro   0x0000000000016c8f      0x1aa ./Drivers/STM32F1xx_HAL_Driver/Src/stm32f1xx_hal_rcc.o
 .debug_macro   0x0000000000016e39      0x199 ./Drivers/STM32F1xx_HAL_Driver/Src/stm32f1xx_hal_uart.o

.debug_line     0x0000000000000000     0x8de9
 .debug_line    0x0000000000000000      0xb4b ./Core/Src/main.o
 .debug_line    0x0000000000000b4b      0x811 ./Core/Src/stm32f1xx_hal_msp.o
 .debug_line    0x000000000000135c      0x82e ./Core/Src/stm32f1xx_it.o
 .debug_line    0x0000000000001b8a      0x7ea ./Core/Src/system_stm32f1xx.o
 .debug_line    0x0000000000002374       0x86 ./Core/Startup/startup_stm32f103c8tx.o
 .debug_line    0x00000000000023fa      0xa17 ./Drivers/STM32F1xx_HAL_Driver/Src/stm32f1xx_hal.o
 .debug_line    0x0000000000002e11     0x11be ./Drivers/STM32F1xx_HAL_Driver/Src/stm32f1xx_hal_can.o
 .debug_line    0x0000000000003fcf      0xbff ./Drivers/STM32F1xx_HAL_Driver/Src/stm32f1xx_hal_cortex.o
 .debug_line    0x0000000000004bce      0xab0 ./Drivers/STM32F1xx_HAL_Driver/Src/stm32f1xx_hal_gpio.o
 .debug_line    0x000000000000567e      0xe23 ./Drivers/STM32F1xx_HAL_Driver/Src/stm32f1xx_hal_rcc.o
 .debug_line    0x00000000000064a1     0x2948 ./Drivers/STM32F1xx_HAL_Driver/Src/stm32f1xx_hal_uart.o

.debug_str      0x0000000000000000    0x848da
 .debug_str     0x0000000000000000    0x82d53 ./Core/Src/main.o
                                      0x83126 (size before relaxing)
 .debug_str     0x0000000000082d53       0xd9 ./Core/Src/stm32f1xx_hal_msp.o
                                      0x7f064 (size before relaxing)
 .debug_str     0x0000000000082e2c       0xc9 ./Core/Src/stm32f1xx_it.o
                                      0x7e984 (size before relaxing)
 .debug_str     0x0000000000082ef5       0x7e ./Core/Src/system_stm32f1xx.o
                                      0x7e99a (size before relaxing)
 .debug_str     0x0000000000082f73       0x36 ./Core/Startup/startup_stm32f103c8tx.o
                                         0xa6 (size before relaxing)
 .debug_str     0x0000000000082fa9      0x607 ./Drivers/STM32F1xx_HAL_Driver/Src/stm32f1xx_hal.o
                                      0x7f0cd (size before relaxing)
 .debug_str     0x00000000000835b0      0x4e4 ./Drivers/STM32F1xx_HAL_Driver/Src/stm32f1xx_hal_can.o
                                      0x7f19a (size before relaxing)
 .debug_str     0x0000000000083a94      0x293 ./Drivers/STM32F1xx_HAL_Driver/Src/stm32f1xx_hal_cortex.o
                                      0x7f019 (size before relaxing)
 .debug_str     0x0000000000083d27      0x346 ./Drivers/STM32F1xx_HAL_Driver/Src/stm32f1xx_hal_gpio.o
                                      0x7ed20 (size before relaxing)
 .debug_str     0x000000000008406d      0x229 ./Drivers/STM32F1xx_HAL_Driver/Src/stm32f1xx_hal_rcc.o
                                      0x7edc9 (size before relaxing)
 .debug_str     0x0000000000084296      0x644 ./Drivers/STM32F1xx_HAL_Driver/Src/stm32f1xx_hal_uart.o
                                      0x7f43a (size before relaxing)

.comment        0x0000000000000000       0x50
 .comment       0x0000000000000000       0x50 ./Core/Src/main.o
                                         0x51 (size before relaxing)
 .comment       0x0000000000000050       0x51 ./Core/Src/stm32f1xx_hal_msp.o
 .comment       0x0000000000000050       0x51 ./Core/Src/stm32f1xx_it.o
 .comment       0x0000000000000050       0x51 ./Core/Src/system_stm32f1xx.o
 .comment       0x0000000000000050       0x51 ./Drivers/STM32F1xx_HAL_Driver/Src/stm32f1xx_hal.o
 .comment       0x0000000000000050       0x51 ./Drivers/STM32F1xx_HAL_Driver/Src/stm32f1xx_hal_can.o
 .comment       0x0000000000000050       0x51 ./Drivers/STM32F1xx_HAL_Driver/Src/stm32f1xx_hal_cortex.o
 .comment       0x0000000000000050       0x51 ./Drivers/STM32F1xx_HAL_Driver/Src/stm32f1xx_hal_gpio.o
 .comment       0x0000000000000050       0x51 ./Drivers/STM32F1xx_HAL_Driver/Src/stm32f1xx_hal_rcc.o
 .comment       0x0000000000000050       0x51 ./Drivers/STM32F1xx_HAL_Driver/Src/stm32f1xx_hal_uart.o

.debug_frame    0x0000000000000000     0x1d20
 .debug_frame   0x0000000000000000      0x10c ./Core/Src/main.o
 .debug_frame   0x000000000000010c       0xc8 ./Core/Src/stm32f1xx_hal_msp.o
 .debug_frame   0x00000000000001d4      0x104 ./Core/Src/stm32f1xx_it.o
 .debug_frame   0x00000000000002d8       0x58 ./Core/Src/system_stm32f1xx.o
 .debug_frame   0x0000000000000330      0x334 ./Drivers/STM32F1xx_HAL_Driver/Src/stm32f1xx_hal.o
 .debug_frame   0x0000000000000664      0x5a0 ./Drivers/STM32F1xx_HAL_Driver/Src/stm32f1xx_hal_can.o
 .debug_frame   0x0000000000000c04      0x428 ./Drivers/STM32F1xx_HAL_Driver/Src/stm32f1xx_hal_cortex.o
 .debug_frame   0x000000000000102c      0x14c ./Drivers/STM32F1xx_HAL_Driver/Src/stm32f1xx_hal_gpio.o
 .debug_frame   0x0000000000001178      0x218 ./Drivers/STM32F1xx_HAL_Driver/Src/stm32f1xx_hal_rcc.o
 .debug_frame   0x0000000000001390      0x944 ./Drivers/STM32F1xx_HAL_Driver/Src/stm32f1xx_hal_uart.o
 .debug_frame   0x0000000000001cd4       0x2c e:/university/tren_truong/ceec/stm32/stm32cubeide_1.11.2/stm32cubeide/plugins/com.st.stm32cube.ide.mcu.externaltools.gnu-tools-for-stm32.10.3-2021.10.win32_1.0.100.202210260954/tools/bin/../lib/gcc/arm-none-eabi/10.3.1/../../../../arm-none-eabi/lib/thumb/v7-m/nofp\libc_nano.a(lib_a-init.o)
 .debug_frame   0x0000000000001d00       0x20 e:/university/tren_truong/ceec/stm32/stm32cubeide_1.11.2/stm32cubeide/plugins/com.st.stm32cube.ide.mcu.externaltools.gnu-tools-for-stm32.10.3-2021.10.win32_1.0.100.202210260954/tools/bin/../lib/gcc/arm-none-eabi/10.3.1/../../../../arm-none-eabi/lib/thumb/v7-m/nofp\libc_nano.a(lib_a-memset.o)
