14:24:54 **** Incremental Build of configuration Debug for project NODE2_Sensor ****
make -j8 all 
arm-none-eabi-gcc "../Core/Src/main.c" -mcpu=cortex-m3 -std=gnu11 -g3 -DDEBUG -DUSE_HAL_DRIVER -DSTM32F103xB -c -I../Core/Inc -I../Drivers/STM32F1xx_HAL_Driver/Inc/Legacy -I../Drivers/STM32F1xx_HAL_Driver/Inc -I../Drivers/CMSIS/Device/ST/STM32F1xx/Include -I../Drivers/CMSIS/Include -O0 -ffunction-sections -fdata-sections -Wall -fstack-usage -MMD -MP -MF"Core/Src/main.d" -MT"Core/Src/main.o" --specs=nano.specs -mfloat-abi=soft -mthumb -o "Core/Src/main.o"
arm-none-eabi-gcc -o "NODE2_Sensor.elf" @"objects.list"   -mcpu=cortex-m3 -T"E:\University\Tren_Truong\Chuong_Trinh_Hoc\HK5\Chuyen_De_He_Thong_Nhung_1\Thuc_Hanh\Lab3_Can\NODE2_Sensor\STM32F103C8TX_FLASH.ld" --specs=nosys.specs -Wl,-Map="NODE2_Sensor.map" -Wl,--gc-sections -static --specs=nano.specs -mfloat-abi=soft -mthumb -Wl,--start-group -lc -lm -Wl,--end-group
Finished building target: NODE2_Sensor.elf
 
arm-none-eabi-size   NODE2_Sensor.elf 
arm-none-eabi-objdump -h -S  NODE2_Sensor.elf  > "NODE2_Sensor.list"
arm-none-eabi-objcopy  -O binary  NODE2_Sensor.elf  "NODE2_Sensor.bin"
   text	   data	    bss	    dec	    hex	filename
   7996	    112	   1704	   9812	   2654	NODE2_Sensor.elf
Finished building: default.size.stdout
 
Finished building: NODE2_Sensor.bin
 
Finished building: NODE2_Sensor.list
 

14:24:55 Build Finished. 0 errors, 0 warnings. (took 1s.171ms)

